// Jest Snapshot v1, https://goo.gl/fbAQLP

exports[`App component should be able to render 1`] = `
<div
  className="container"
  id="App"
  tabIndex={0}
>
  <div
    className="row"
  >
    <h3
      className="col-12 text-right display"
    >
      0
    </h3>
    <h3
      className="col-12 text-right calculation"
    >
      0
    </h3>
  </div>
  <div
    className="row no-gutters"
  >
    <div
      className="col-2 mt-2"
    >
      <div
        className="numeric"
        onClick={[Function]}
      >
        MR
      </div>
    </div>
    <div
      className="col-2 mt-2"
    >
      <div
        className="numeric"
        onClick={[Function]}
      >
        MS
      </div>
    </div>
    <div
      className="col-2 mt-2"
    >
      <div
        className="numeric"
        onClick={[Function]}
      >
        M+
      </div>
    </div>
    <div
      className="col-2 mt-2"
    >
      <div
        className="numeric"
        onClick={[Function]}
      >
        M-
      </div>
    </div>
    <div
      className="col-2 mt-2"
    >
      <div
        className="numeric"
        onClick={[Function]}
      >
        MC
      </div>
    </div>
  </div>
  <div
    className="row no-gutters"
  >
    <div
      className="col-8"
    >
      <div>
        <div
          className="row no-gutters"
        >
          <div
            className="col-4 mt-2"
          >
            <div
              className="numeric"
              onClick={[Function]}
            >
              7
            </div>
          </div>
          <div
            className="col-4 mt-2"
          >
            <div
              className="numeric"
              onClick={[Function]}
            >
              8
            </div>
          </div>
          <div
            className="col-4 mt-2"
          >
            <div
              className="numeric"
              onClick={[Function]}
            >
              9
            </div>
          </div>
        </div>
        <div
          className="row no-gutters"
        >
          <div
            className="col-4 mt-2"
          >
            <div
              className="numeric"
              onClick={[Function]}
            >
              4
            </div>
          </div>
          <div
            className="col-4 mt-2"
          >
            <div
              className="numeric"
              onClick={[Function]}
            >
              5
            </div>
          </div>
          <div
            className="col-4 mt-2"
          >
            <div
              className="numeric"
              onClick={[Function]}
            >
              6
            </div>
          </div>
        </div>
        <div
          className="row no-gutters"
        >
          <div
            className="col-4 mt-2"
          >
            <div
              className="numeric"
              onClick={[Function]}
            >
              1
            </div>
          </div>
          <div
            className="col-4 mt-2"
          >
            <div
              className="numeric"
              onClick={[Function]}
            >
              2
            </div>
          </div>
          <div
            className="col-4 mt-2"
          >
            <div
              className="numeric"
              onClick={[Function]}
            >
              3
            </div>
          </div>
        </div>
        <div
          className="row"
        >
          <div
            className="col-6 mt-2"
          >
            <div
              className="numeric"
              onClick={[Function]}
            >
              0
            </div>
          </div>
          <div
            className="col-6 mt-2"
          >
            <div
              className="numeric"
              onClick={[Function]}
            >
              .
            </div>
          </div>
        </div>
      </div>
    </div>
    <div
      className="col-4"
    >
      <div>
        <div
          className="row no-gutters"
        >
          <div
            className="col-6 mt-2"
          >
            <div
              className="numeric"
              onClick={[Function]}
            >
              +
            </div>
          </div>
          <div
            className="col-6 mt-2"
          >
            <div
              className="numeric"
              onClick={[Function]}
            >
              -
            </div>
          </div>
        </div>
        <div
          className="row no-gutters"
        >
          <div
            className="col-6 mt-2"
          >
            <div
              className="numeric"
              onClick={[Function]}
            >
              *
            </div>
          </div>
          <div
            className="col-6 mt-2"
          >
            <div
              className="numeric"
              onClick={[Function]}
            >
              /
            </div>
          </div>
        </div>
        <div
          className="row"
        >
          <div
            className="col-12 mt-2"
          >
            <div
              className="numeric"
              onClick={[Function]}
            >
              =
            </div>
          </div>
        </div>
      </div>
    </div>
  </div>
</div>
`;
