// Jest Snapshot v1, https://goo.gl/fbAQLP

exports[`Button should be able to render 1`] = `
<div
  className="col-2 mt-2"
>
  <div
    className="numeric"
    onClick={[MockFunction]}
  >
    TEST
  </div>
</div>
`;
