// Jest Snapshot v1, https://goo.gl/fbAQLP

exports[`Display Component should be able to render 1`] = `
<div
  className="row"
>
  <h3
    className="col-12 text-right display"
  >
    666
  </h3>
  <h3
    className="col-12 text-right calculation"
  >
    666
  </h3>
</div>
`;
