// Jest Snapshot v1, https://goo.gl/fbAQLP

exports[`Operators component should be able to render 1`] = `
<div>
  <div
    className="row no-gutters"
  >
    <div
      className="col-6 mt-2"
    >
      <div
        className="numeric"
        onClick={[Function]}
      >
        +
      </div>
    </div>
    <div
      className="col-6 mt-2"
    >
      <div
        className="numeric"
        onClick={[Function]}
      >
        -
      </div>
    </div>
  </div>
  <div
    className="row no-gutters"
  >
    <div
      className="col-6 mt-2"
    >
      <div
        className="numeric"
        onClick={[Function]}
      >
        *
      </div>
    </div>
    <div
      className="col-6 mt-2"
    >
      <div
        className="numeric"
        onClick={[Function]}
      >
        /
      </div>
    </div>
  </div>
  <div
    className="row"
  >
    <div
      className="col-12 mt-2"
    >
      <div
        className="numeric"
        onClick={[Function]}
      >
        =
      </div>
    </div>
  </div>
</div>
`;
